// Jest Snapshot v1, https://goo.gl/fbAQLP

exports[`Component: Home Shallow Snapshot test 1`] = `
<WithStyles(ForwardRef(Paper))>
  Home
  <Loader />
</WithStyles(ForwardRef(Paper))>
`;
